// Jest Snapshot v1, https://goo.gl/fbAQLP

exports[`should render the Shopping List view 1`] = `undefined`;
